
### prod c1  true C(L2..5)@8K (24.66, 26.72, 28.84, 31.35)
  [calib all (code)]  hindsight oracle 115.19 (+9.3%)
     old Sep25: 3.283 tok/cyc 31.16 ms 105.38 (+0.00%) L-mix 0.02/0.07/0.24/0.66
     new c1 table: 3.261 tok/cyc 30.82 ms 105.83 (+0.43%) L-mix 0.02/0.14/0.26/0.58
     matched table: 3.261 tok/cyc 30.82 ms 105.83 (+0.43%) L-mix 0.02/0.14/0.26/0.58
     fixed d4 (L5): 3.318 tok/cyc 32.31 ms 102.71 (-2.53%) L-mix 0.00/0.00/0.00/1.00
     fixed d3: 2.952 tok/cyc 29.73 ms 99.31 (-5.76%) L-mix 0.00/0.00/1.00/0.00
     dinkelbach: 3.253 tok/cyc 30.48 ms 106.73 (+1.29%) L-mix 0.08/0.14/0.23/0.55
  [code-like proxy]  hindsight oracle 118.48 (+8.8%)
     old Sep25: 3.409 tok/cyc 31.30 ms 108.94 (+0.00%) L-mix 0.02/0.06/0.22/0.69
     new c1 table: 3.388 tok/cyc 30.98 ms 109.35 (+0.38%) L-mix 0.02/0.12/0.24/0.62
     matched table: 3.388 tok/cyc 30.98 ms 109.35 (+0.38%) L-mix 0.02/0.12/0.24/0.62
     fixed d4 (L5): 3.441 tok/cyc 32.31 ms 106.49 (-2.24%) L-mix 0.00/0.00/0.00/1.00
     fixed d3: 3.042 tok/cyc 29.73 ms 102.32 (-6.08%) L-mix 0.00/0.00/1.00/0.00
     dinkelbach: 3.375 tok/cyc 30.65 ms 110.11 (+1.08%) L-mix 0.07/0.12/0.23/0.58
  [current-mix proxy]  hindsight oracle 103.49 (+11.2%)
     old Sep25: 2.853 tok/cyc 30.65 ms 93.09 (+0.00%) L-mix 0.04/0.11/0.31/0.53
     new c1 table: 2.832 tok/cyc 30.24 ms 93.64 (+0.59%) L-mix 0.04/0.21/0.31/0.44
     matched table: 2.832 tok/cyc 30.24 ms 93.64 (+0.59%) L-mix 0.04/0.21/0.31/0.44
     fixed d4 (L5): 2.900 tok/cyc 32.30 ms 89.78 (-3.55%) L-mix 0.00/0.00/0.00/1.00
     fixed d3: 2.638 tok/cyc 29.72 ms 88.78 (-4.63%) L-mix 0.00/0.00/1.00/0.00
     dinkelbach: 2.830 tok/cyc 29.96 ms 94.45 (+1.46%) L-mix 0.11/0.20/0.25/0.44
  [prose-like proxy]  hindsight oracle 91.46 (+12.9%)
     old Sep25: 2.439 tok/cyc 30.11 ms 81.02 (+0.00%) L-mix 0.07/0.15/0.37/0.40
     new c1 table: 2.421 tok/cyc 29.64 ms 81.66 (+0.79%) L-mix 0.07/0.28/0.34/0.31
     matched table: 2.421 tok/cyc 29.64 ms 81.66 (+0.79%) L-mix 0.07/0.28/0.34/0.31
     fixed d4 (L5): 2.498 tok/cyc 32.31 ms 77.33 (-4.55%) L-mix 0.00/0.00/0.00/1.00
     fixed d3: 2.326 tok/cyc 29.73 ms 78.24 (-3.43%) L-mix 0.00/0.00/1.00/0.00
     dinkelbach: 2.420 tok/cyc 29.39 ms 82.33 (+1.61%) L-mix 0.16/0.25/0.25/0.35

### prod c2  true C(L2..5)@8K (18.08, 19.67, 21.05, 22.83)
  [calib all (code)]  hindsight oracle 159.30 (+9.2%)
     old Sep25: 3.283 tok/cyc 22.51 ms 145.87 (+0.00%) L-mix 0.02/0.07/0.24/0.66
     new c1 table: 3.261 tok/cyc 22.27 ms 146.42 (+0.38%) L-mix 0.02/0.14/0.26/0.58
     matched table: 3.266 tok/cyc 22.31 ms 146.40 (+0.36%) L-mix 0.02/0.11/0.28/0.58
     fixed d4 (L5): 3.318 tok/cyc 23.32 ms 142.27 (-2.47%) L-mix 0.00/0.00/0.00/1.00
     fixed d3: 2.952 tok/cyc 21.48 ms 137.46 (-5.76%) L-mix 0.00/0.00/1.00/0.00
     dinkelbach: 3.251 tok/cyc 22.06 ms 147.36 (+1.02%) L-mix 0.09/0.11/0.24/0.56
  [code-like proxy]  hindsight oracle 163.85 (+8.6%)
     old Sep25: 3.409 tok/cyc 22.61 ms 150.81 (+0.00%) L-mix 0.02/0.06/0.22/0.69
     new c1 table: 3.388 tok/cyc 22.39 ms 151.32 (+0.34%) L-mix 0.02/0.12/0.24/0.62
     matched table: 3.392 tok/cyc 22.42 ms 151.30 (+0.32%) L-mix 0.02/0.10/0.26/0.62
     fixed d4 (L5): 3.441 tok/cyc 23.33 ms 147.52 (-2.19%) L-mix 0.00/0.00/0.00/1.00
     fixed d3: 3.042 tok/cyc 21.48 ms 141.63 (-6.09%) L-mix 0.00/0.00/1.00/0.00
     dinkelbach: 3.380 tok/cyc 22.18 ms 152.40 (+1.05%) L-mix 0.08/0.10/0.23/0.59
  [current-mix proxy]  hindsight oracle 143.09 (+11.1%)
     old Sep25: 2.853 tok/cyc 22.15 ms 128.83 (+0.00%) L-mix 0.04/0.11/0.31/0.53
     new c1 table: 2.832 tok/cyc 21.86 ms 129.50 (+0.52%) L-mix 0.04/0.21/0.31/0.44
     matched table: 2.837 tok/cyc 21.91 ms 129.49 (+0.51%) L-mix 0.04/0.17/0.34/0.44
     fixed d4 (L5): 2.900 tok/cyc 23.32 ms 124.37 (-3.46%) L-mix 0.00/0.00/0.00/1.00
     fixed d3: 2.638 tok/cyc 21.47 ms 122.89 (-4.61%) L-mix 0.00/0.00/1.00/0.00
     dinkelbach: 2.829 tok/cyc 21.65 ms 130.68 (+1.43%) L-mix 0.13/0.16/0.26/0.44
  [prose-like proxy]  hindsight oracle 126.46 (+12.8%)
     old Sep25: 2.439 tok/cyc 21.76 ms 112.10 (+0.00%) L-mix 0.07/0.15/0.37/0.40
     new c1 table: 2.421 tok/cyc 21.44 ms 112.89 (+0.70%) L-mix 0.07/0.28/0.34/0.31
     matched table: 2.426 tok/cyc 21.49 ms 112.89 (+0.71%) L-mix 0.07/0.23/0.38/0.32
     fixed d4 (L5): 2.498 tok/cyc 23.32 ms 107.14 (-4.43%) L-mix 0.00/0.00/0.00/1.00
     fixed d3: 2.326 tok/cyc 21.47 ms 108.33 (-3.37%) L-mix 0.00/0.00/1.00/0.00
     dinkelbach: 2.423 tok/cyc 21.25 ms 114.01 (+1.70%) L-mix 0.18/0.21/0.26/0.35

### prod c4  true C(L2..5)@8K (13.54, 15.41, 17.29, 19.16)
  [calib all (code)]  hindsight oracle 198.12 (+13.2%)
     old Sep25: 3.283 tok/cyc 18.75 ms 175.09 (+0.00%) L-mix 0.02/0.07/0.24/0.66
     new c1 table: 3.261 tok/cyc 18.48 ms 176.49 (+0.80%) L-mix 0.02/0.14/0.26/0.58
     matched table: 3.233 tok/cyc 18.02 ms 179.46 (+2.49%) L-mix 0.08/0.20/0.21/0.51
     fixed d4 (L5): 3.318 tok/cyc 19.65 ms 168.84 (-3.57%) L-mix 0.00/0.00/0.00/1.00
     fixed d3: 2.952 tok/cyc 17.72 ms 166.64 (-4.83%) L-mix 0.00/0.00/1.00/0.00
     dinkelbach: 3.196 tok/cyc 17.63 ms 181.30 (+3.54%) L-mix 0.16/0.19/0.17/0.48
  [code-like proxy]  hindsight oracle 203.02 (+12.3%)
     old Sep25: 3.409 tok/cyc 18.86 ms 180.75 (+0.00%) L-mix 0.02/0.06/0.22/0.69
     new c1 table: 3.388 tok/cyc 18.61 ms 182.05 (+0.72%) L-mix 0.02/0.12/0.24/0.62
     matched table: 3.362 tok/cyc 18.19 ms 184.83 (+2.26%) L-mix 0.06/0.18/0.20/0.55
     fixed d4 (L5): 3.441 tok/cyc 19.66 ms 175.06 (-3.15%) L-mix 0.00/0.00/0.00/1.00
     fixed d3: 3.042 tok/cyc 17.72 ms 171.68 (-5.02%) L-mix 0.00/0.00/1.00/0.00
     dinkelbach: 3.321 tok/cyc 17.80 ms 186.64 (+3.26%) L-mix 0.15/0.19/0.15/0.52
  [current-mix proxy]  hindsight oracle 180.31 (+15.9%)
     old Sep25: 2.853 tok/cyc 18.34 ms 155.54 (+0.00%) L-mix 0.04/0.11/0.31/0.53
     new c1 table: 2.832 tok/cyc 18.01 ms 157.23 (+1.09%) L-mix 0.04/0.21/0.31/0.44
     matched table: 2.794 tok/cyc 17.39 ms 160.67 (+3.30%) L-mix 0.13/0.27/0.23/0.37
     fixed d4 (L5): 2.900 tok/cyc 19.65 ms 147.60 (-5.10%) L-mix 0.00/0.00/0.00/1.00
     fixed d3: 2.638 tok/cyc 17.71 ms 148.99 (-4.21%) L-mix 0.00/0.00/1.00/0.00
     dinkelbach: 2.768 tok/cyc 17.05 ms 162.32 (+4.36%) L-mix 0.25/0.20/0.18/0.36
  [prose-like proxy]  hindsight oracle 161.43 (+18.5%)
     old Sep25: 2.439 tok/cyc 17.90 ms 136.27 (+0.00%) L-mix 0.07/0.15/0.37/0.40
     new c1 table: 2.421 tok/cyc 17.52 ms 138.17 (+1.40%) L-mix 0.07/0.28/0.34/0.31
     matched table: 2.376 tok/cyc 16.75 ms 141.81 (+4.07%) L-mix 0.21/0.32/0.22/0.25
     fixed d4 (L5): 2.498 tok/cyc 19.65 ms 127.15 (-6.69%) L-mix 0.00/0.00/0.00/1.00
     fixed d3: 2.326 tok/cyc 17.71 ms 131.33 (-3.62%) L-mix 0.00/0.00/1.00/0.00
     dinkelbach: 2.370 tok/cyc 16.49 ms 143.75 (+5.49%) L-mix 0.31/0.26/0.17/0.26

### ffn c1  true C(L2..5)@8K (24.07, 26.1, 28.19, 30.84)
  [calib all (code)]  hindsight oracle 117.53 (+9.5%)
     old Sep25: 3.283 tok/cyc 30.60 ms 107.28 (+0.00%) L-mix 0.02/0.07/0.24/0.66
     new c1 table: 3.261 tok/cyc 30.19 ms 108.05 (+0.71%) L-mix 0.02/0.14/0.29/0.55
     matched table: 3.261 tok/cyc 30.19 ms 108.05 (+0.71%) L-mix 0.02/0.14/0.29/0.55
     fixed d4 (L5): 3.318 tok/cyc 31.80 ms 104.35 (-2.73%) L-mix 0.00/0.00/0.00/1.00
     fixed d3: 2.952 tok/cyc 29.08 ms 101.52 (-5.37%) L-mix 0.00/0.00/1.00/0.00
     dinkelbach: 3.246 tok/cyc 29.85 ms 108.73 (+1.35%) L-mix 0.08/0.14/0.25/0.53
  [code-like proxy]  hindsight oracle 120.85 (+9.0%)
     old Sep25: 3.409 tok/cyc 30.75 ms 110.88 (+0.00%) L-mix 0.02/0.06/0.22/0.69
     new c1 table: 3.388 tok/cyc 30.36 ms 111.61 (+0.66%) L-mix 0.02/0.12/0.27/0.59
     matched table: 3.388 tok/cyc 30.36 ms 111.61 (+0.66%) L-mix 0.02/0.12/0.27/0.59
     fixed d4 (L5): 3.441 tok/cyc 31.80 ms 108.20 (-2.42%) L-mix 0.00/0.00/0.00/1.00
     fixed d3: 3.042 tok/cyc 29.08 ms 104.59 (-5.67%) L-mix 0.00/0.00/1.00/0.00
     dinkelbach: 3.373 tok/cyc 30.04 ms 112.29 (+1.27%) L-mix 0.07/0.12/0.24/0.57
  [current-mix proxy]  hindsight oracle 105.67 (+11.4%)
     old Sep25: 2.853 tok/cyc 30.08 ms 94.85 (+0.00%) L-mix 0.04/0.11/0.31/0.53
     new c1 table: 2.832 tok/cyc 29.59 ms 95.71 (+0.90%) L-mix 0.04/0.21/0.34/0.42
     matched table: 2.832 tok/cyc 29.59 ms 95.71 (+0.90%) L-mix 0.04/0.21/0.34/0.42